[www.biketours.com/index.html]
[backblue.gif]
[fade.gif]
[index.html]
[cdn.biketours.com/templates/styles/images/favicon_128x.png]
[cdn.biketours.com/assets/pwpc/pwpc-8bde5c0b25e06c6de7385c254abe5563f487e876.css]
[www.biketours.com/bike-hotel/index.html]
[www.biketours.com/bike-boat/index.html]
[cdn.biketours.com/templates/styles/images/logo-loac-sm.png]
[www.biketours.com/contact/index.html]
[www.biketours.com/find-my-tour/europe/index.html]
[cdn.biketours.com/templates/styles/images/logo-aca-sm.png]
[www.biketours.com/find-my-tour/view-all-tours/index.html]
[www.biketours.com/boats/index.html]
[cdn.biketours.com/templates/styles/images/logo-atta-sm.png]
[www.biketours.com/day-tours/index.html]
[www.biketours.com/reviews/index.html]
[cdn.biketours.com/templates/styles/images/logo-fta-sm.png]
[www.biketours.com/germany/day-tours/index.html]
[www.biketours.com/united-states/day-tours/index.html]
[www.biketours.com/italy/day-tours/index.html]
[kit.fontawesome.com/3136d6ed1d.js]
[www.biketours.com/england/day-tours/index.html]
[www.biketours.com/tulip-tours/index.html]
[www.biketours.com/search/results/index.html]
[code.jquery.com/jquery-3.6.0.min.js]
[www.biketours.com/e-bike-tours/index.html]
[www.biketours.com/family-friendly-tours/index.html]
[www.biketours.com/first-timer-tours/index.html]
[www.biketours.com/staff-picks/index.html]
[www.biketours.com/top-rated-tours/index.html]
[cdn.biketours.com/templates/uikit/dist/js/uikit.min.js]
[www.biketours.com/client-favorites/index.html]
[cdn.biketours.com/assets/pwpc/pwpc-abb9889082485395be9989408482f7565daf6b30.js]
[www.biketours.com/find-my-tour/popular-categories/index.html]
[www.biketours.com/terms-and-conditions/index.html]
[www.biketours.com/booking-instructions/index.html]
[www.biketours.com/find-my-tour/how-to-choose/index.html]
[cdn.biketours.com/templates/scripts/home7b30.js]
[www.biketours.com/index.html]
[www.biketours.com/info/trip-prep/bikes/index.html]
[www.biketours.com/find-my-tour/how-to-choose/guided-versus-self-guided/index.html]
[www.googletagmanager.com/gtm5445.html]
[www.biketours.com/faq/index.html]
[cdn.biketours.com/assets/pwpc/pwpc-8bde5c0b25e06c6de7385c254abe5563f487e876.css]
[www.biketours.com/the-experience/typical-day/index.html]
[www.biketours.com/info/trip-prep/what-to-bring/index.html]
[www.biketours.com/info/trip-prep/hotels/index.html]
[www.biketours.com/info/trip-prep/booking-insurance/index.html]
[www.biketours.com/info/trip-prep/bike-touring-resources/index.html]
[cdn.biketours.com/modules/FormBuilder/frameworks/FormBuilderFrameworkUikit3.css]
[www.biketours.com/info/trip-prep/passports-visas/index.html]
[www.biketours.com/how-we-help/our-team/index.html]
[www.biketours.com/france/index.html]
[www.biketours.com/how-we-help/what-we-do/index.html]
[www.biketours.com/how-we-help/why-our-clients-love-us/index.html]
[www.biketours.com/italy/index.html]
[cdn.biketours.com/modules/FormBuilder/FormBuilder.css]
[www.biketours.com/germany/index.html]
[www.biketours.com/holland/index.html]
[www.biketours.com/portugal/index.html]
[www.biketours.com/denmark/index.html]
[www.biketours.com/portugal/castles-wines/index.html]
[www.biketours.com/wire/templates-admin/scripts/inputfields.min.js]
[www.biketours.com/belgium/index.html]
[www.biketours.com/austria/danube-bike-path-upscale-lodging/index.html]
[www.biketours.com/austria/index.html]
[www.biketours.com/site/modules/FormBuilder/form-builder.js]
[www.biketours.com/contact/index.html]
[www.biketours.com/holland/southern-relax-tulip-tour/index.html]
[www.biketours.com/croatia/index.html]
[www.biketours.com/bosnia-and-herzegovina/index.html]
[www.biketours.com/bike-hotel/page2.html]
[www.biketours.com/albania/index.html]
[www.biketours.com/bulgaria/index.html]
[www.biketours.com/czech-republic/index.html]
[www.biketours.com/bike-hotel/page3.html]
[www.biketours.com/england/index.html]
[www.biketours.com/hungary/index.html]
[www.biketours.com/estonia/index.html]
[www.biketours.com/bike-hotel/page10.html]
[www.biketours.com/ireland/index.html]
[www.biketours.com/greece/index.html]
[www.biketours.com/latvia/index.html]
[www.biketours.com/lithuania/index.html]
[cdn.biketours.com/templates/styles/images/icons/lei.png]
[www.biketours.com/montenegro/index.html]
[www.biketours.com/poland/index.html]
[www.biketours.com/norway/index.html]
[www.biketours.com/romania/index.html]
[cdn.biketours.com/templates/styles/images/icons/lei-act.png]
[www.biketours.com/scotland/index.html]
[www.biketours.com/serbia/index.html]
[www.biketours.com/slovakia/index.html]
[www.biketours.com/spain/index.html]
[www.biketours.com/slovenia/index.html]
[cdn.biketours.com/templates/styles/images/icons/rec.png]
[www.biketours.com/sweden/index.html]
[www.biketours.com/switzerland/index.html]
[www.biketours.com/united-states/index.html]
[cdn.biketours.com/templates/styles/images/icons/rec-act.png]
[www.biketours.com/algarve/index.html]
[www.biketours.com/alsace/index.html]
[cdn.biketours.com/templates/styles/images/icons/active.png]
[www.biketours.com/apulia/index.html]
[www.biketours.com/austrian-alps/index.html]
[www.biketours.com/bavaria/index.html]
[www.biketours.com/burgundy/index.html]
[cdn.biketours.com/templates/styles/images/icons/active-act.png]
[www.biketours.com/danube-river/index.html]
[www.biketours.com/dalmatia/index.html]
[www.biketours.com/catalonia/index.html]
[cdn.biketours.com/templates/styles/images/icons/enth.png]
[www.biketours.com/elbe-river-valley/index.html]
[cdn.biketours.com/templates/styles/images/icons/enth-act.png]
[www.biketours.com/bike-hotel/index.html]
[www.biketours.com/dolomites/index.html]
[www.biketours.com/french-alps/index.html]
[www.biketours.com/lake-balaton/index.html]
[www.biketours.com/lake-constance/index.html]
[www.biketours.com/bike-boat/index.html]
[www.biketours.com/loire-valley/index.html]
[www.biketours.com/main-river/index.html]
[www.biketours.com/mosel/index.html]
[www.biketours.com/provence/index.html]
[www.biketours.com/romantic-road/index.html]
[www.biketours.com/rhine/index.html]
[www.biketours.com/salzburg-lakes/index.html]
[www.biketours.com/find-my-tour/europe/index.html]
[www.biketours.com/tuscany/index.html]
[www.biketours.com/after-booking-confirmation/quick-reference/index.html]
[www.biketours.com/boats/index.html]
[www.biketours.com/after-booking-confirmation/payments/index.html]
[www.biketours.com/after-booking-confirmation/booking-insurance/index.html]
[www.biketours.com/after-booking-confirmation/tour-documents/index.html]
[www.biketours.com/trip-prep/getting-around-europe/index.html]
[www.biketours.com/trip-prep/what-to-bring/index.html]
[www.biketours.com/trip-prep/hotels/index.html]
[www.biketours.com/trip-prep/bike-touring-resources/index.html]
[www.biketours.com/trip-prep/booking-insurance/index.html]
[www.biketours.com/trip-prep/passports-visas/index.html]
[www.biketours.com/groups-clubs/index.html]
[www.biketours.com/jobs/index.html]
[www.biketours.com/privacy-policy/index.html]
[www.biketours.com/sitemap/index.html]
[www.biketours.com/download-ebook/index.html]
[www.biketours.com/albania/albania-unesco-tour/index.html]
[www.biketours.com/austria/lake-constance-classic-11-nights/index.html]
[www.biketours.com/austria/prague-vienna-via-cesky-krumlov/index.html]
[www.biketours.com/austria/tauern-bike-path-salzburg/index.html]
[www.biketours.com/austria/danube-family-tour/index.html]
[www.biketours.com/search/results/page2.html]
[www.biketours.com/austria/innsbruck-salzburg/index.html]
[www.biketours.com/search/results/page4.html]
[www.biketours.com/austria/vienna-budapest-self-guided/index.html]
[www.biketours.com/search/results/page3.html]
[www.biketours.com/austria/lake-constance-bicycle-path/index.html]
[www.biketours.com/austria/danube-cycle-path-passau-budapest/index.html]
[www.biketours.com/search/results/index.html]
[www.biketours.com/austria/prague-vienna-bratislava-budapest/index.html]
[www.biketours.com/austria/tauern-bike-path-krimml-passau/index.html]
[www.biketours.com/austria/salzburg-lakes-tour/index.html]
[www.biketours.com/find-my-tour/view-all-tours/index.html]
[www.biketours.com/austria/innsbruck-lake-garda/index.html]
[www.biketours.com/reviews/bike-boat/index.html]
[www.biketours.com/austria/danube-bike-path-7-nights/index.html]
[www.biketours.com/bike-path-tours/index.html]
[www.biketours.com/reviews/page2.html]
[www.biketours.com/austria/danube-experience-bike-and-boat-passau-belgrade-iron-gates-passau/index.html]
[www.biketours.com/austria/danube-waltz-bike-boat-passau-budapest/index.html]
[www.biketours.com/austria/danube-bike-and-boat-passau-budapest-passau-arlene/index.html]
[www.biketours.com/austria/danube-passau-budapest-passau/index.html]
[www.biketours.com/belgium/amsterdam-bruges-magnifique-iv-and-reverse/index.html]
[www.biketours.com/reviews/page3.html]
[www.biketours.com/austria/danube-impressions-bike-boat-passau-vienna/index.html]
[www.biketours.com/belgium/bruges-amsterdam-bike-barge/index.html]
[www.biketours.com/belgium/bruges-to-paris/index.html]
[www.biketours.com/reviews/page4.html]
[www.biketours.com/belgium/amsterdam-bruges-magnifique-iii-and-reverse/index.html]
[www.biketours.com/belgium/amsterdam-bruges-magnifique-ii-and-reverse/index.html]
[www.biketours.com/reviews/page5.html]
[www.biketours.com/belgium/bruges-fluvius-bike-boat/index.html]
[www.biketours.com/belgium/amsterdam-gouda-bruges/index.html]
[www.biketours.com/croatia/national-parks-dalmatia-bike-boat/index.html]
[www.biketours.com/croatia/highlights-of-dalmatia-by-bike-e-bike-and-boat/index.html]
[www.biketours.com/tours/the-istrian-peninsula-by-electric-bike/index.html]
[www.biketours.com/croatia/south-dalmatia-bike-e-bike-and-boat/index.html]
[www.biketours.com/croatia/pearls-of-dalmatia-by-bike-and-boat/index.html]
[www.biketours.com/reviews/page6.html]
[www.biketours.com/croatia/south-dalmatia-by-ebike-boat-trogir/index.html]
[www.biketours.com/tours/prague-city-of-a-hundred-spires-bike-and-boat/index.html]
[www.biketours.com/germany/mosel-saar-bike-and-boat/index.html]
[www.biketours.com/reviews/page90.html]
[www.biketours.com/tours/german-rivers-wines-and-cycle-paths-by-bike-and-boat/index.html]
[www.biketours.com/france/provence-bike-boat/index.html]
[www.biketours.com/germany/three-river-bike-barge-rhine-moselle-and-saar/index.html]
[www.biketours.com/germany/mosel-saar-bike-barge/index.html]
[www.biketours.com/tours/northern-bavaria-bike-boat-main-river/index.html]
[www.biketours.com/germany/The-Altmuhl-Valley-and-Danube-River/index.html]
[cdn.biketours.com/assets/comments/1342/1889/559aadd6_f895_4b29_8871_2a6de5160bf5.25.delayed]
[www.biketours.com/greece/ionian-islands-multisport-family-cruise/index.html]
[www.biketours.com/holland/holland-bike-boat-southern-tour/index.html]
[www.biketours.com/tours/tulip-tour-bike-and-boat-hollands-famous-tulip-fields/index.html]
[cdn.biketours.com/assets/comments/1342/1889/559aadd6_f895_4b29_8871_2a6de5160bf5.160x160.jpg]
[www.biketours.com/holland/super-tulip-tour/index.html]
[www.biketours.com/tours/germany-netherlands-belgium-by-bike-e-bike-and-boat/index.html]
[www.biketours.com/holland/tulip-tour-on-the-allure-sarah/index.html]
[cdn.biketours.com/assets/comments/1342/1889/7a90e1e1_2927_4066_9aff_2360d2e82c36.jpg]
[www.biketours.com/holland/holland-bike-boat-northern-tour/index.html]
[www.biketours.com/holland/hollands-tulip-fields-and-historic-towns/index.html]
[www.biketours.com/holland/sail-and-bike-to-picturesque-villages-and-nature-reserves/index.html]
[cdn.biketours.com/assets/comments/1342/1889/7a90e1e1_2927_4066_9aff_2360d2e82c36.160x160.jpg]
[www.biketours.com/holland/tulip-tour-magnifique-magnifique2/index.html]
[www.biketours.com/holland/tulip-tour-between-amsterdam-and-bruges/index.html]
[www.biketours.com/italy/venice-to-mantua/index.html]
[www.biketours.com/holland/southern-tour-bike-barge/index.html]
[cdn.biketours.com/assets/comments/1342/1889/06c038de_f670_411b_9011_790839d5bdf3.jpg]
[www.biketours.com/holland/amsterdam-and-sea-bike-barge/index.html]
[www.biketours.com/boat-andela-lora/index.html]
[cdn.biketours.com/assets/comments/1342/1889/06c038de_f670_411b_9011_790839d5bdf3.160x160.jpg]
[www.biketours.com/boat-anna-antal/index.html]
[cdn.biketours.com/assets/comments/1342/1889/990ef3e3_398e_488d_925f_2924219417b4.jpg]
[www.biketours.com/search/results/index7472.html]
[www.biketours.com/boat-ave-maria/index.html]
[cdn.biketours.com/assets/comments/1342/1889/990ef3e3_398e_488d_925f_2924219417b4.160x160.jpg]
[www.biketours.com/boat-de-amsterdam/index.html]
[www.biketours.com/boats/clair-de-lune/index.html]
[www.biketours.com/boat-caprice/index.html]
[www.biketours.com/boat-de-holland/index.html]
[cdn.biketours.com/assets/comments/1342/1889/7a0c4fac_396f_4319_a2cd_8efd41bdfaab.jpg]
[www.biketours.com/boats/de-willemstad/index.html]
[www.biketours.com/boats/elizabeth/index.html]
[www.biketours.com/boat-feniks/index.html]
[www.biketours.com/boat-harmonia/index.html]
[cdn.biketours.com/assets/comments/1342/1889/7a0c4fac_396f_4319_a2cd_8efd41bdfaab.160x160.jpg]
[www.biketours.com/boats/florentina/index.html]
[www.biketours.com/boats/iris/index.html]
[www.biketours.com/boat-leafde-fan-fryslan/index.html]
[cdn.biketours.com/assets/comments/1374/1888/66c88a8c_296f_4bd3_9488_d41f9a1fdc13.jpg]
[www.biketours.com/boat-lestello/index.html]
[www.biketours.com/boat-liza-marleen/index.html]
[www.biketours.com/boats/magellan/index.html]
[cdn.biketours.com/assets/comments/1374/1888/66c88a8c_296f_4bd3_9488_d41f9a1fdc13.160x160.jpg]
[www.biketours.com/boat-mare-fan-fryslan/index.html]
[www.biketours.com/boats/merlijn/index.html]
[www.biketours.com/boat-melody/index.html]
[cdn.biketours.com/assets/comments/1374/1888/7ca3231a_d9de_457a_a654_295f4e24461e.jpg]
[www.biketours.com/boat-gandalf/index.html]
[www.biketours.com/boats/ms-fluvius/index.html]
[www.biketours.com/boat-magnifique2/index.html]
[cdn.biketours.com/assets/comments/1374/1888/7ca3231a_d9de_457a_a654_295f4e24461e.160x160.jpg]
[www.biketours.com/boat-magnifique3/index.html]
[www.biketours.com/boat-magnifique4/index.html]
[www.biketours.com/boat-normandie/index.html]
[www.biketours.com/boat-princess/index.html]
[www.biketours.com/boat-quo-vadis/index.html]
[cdn.biketours.com/assets/comments/1374/1888/cc9cd415_cae0_4d54_88c7_21295f0d57cf.jpg]
[www.biketours.com/boat-ms-se-manon/index.html]
[www.biketours.com/boat-fortuna/index.html]
[www.biketours.com/boats/olympia/index.html]
[www.biketours.com/boat-panagiota/index.html]
[www.biketours.com/boats/poseidon/index.html]
[www.biketours.com/boat-magnifique/index.html]
[www.biketours.com/boats/prinzessin-katharina/index.html]
[www.biketours.com/boat-romantica/index.html]
[cdn.biketours.com/assets/comments/1374/1888/cc9cd415_cae0_4d54_88c7_21295f0d57cf.160x160.jpg]
[www.biketours.com/boat-sailing-home/index.html]
[www.biketours.com/boat-sarah/index.html]
[www.biketours.com/boats/sena/index.html]
[cdn.biketours.com/assets/comments/1374/1888/add8b012_5cbf_4dbd_8625_4f81395e2785.jpg]
[www.biketours.com/boats/swiss-crown/index.html]
[www.biketours.com/boat-vita-pugna/index.html]
[www.biketours.com/boats/vivienne/index.html]
[www.biketours.com/boat-wapen-fan-fryslan/index.html]
[www.biketours.com/boat-wending/index.html]
[cdn.biketours.com/assets/comments/1374/1888/add8b012_5cbf_4dbd_8625_4f81395e2785.160x160.jpg]
[www.biketours.com/boats/yolo/index.html]
[www.biketours.com/boat-zwaan/index.html]
[www.biketours.com/rome/rome-highlights-bike-tour/index.html]
[www.biketours.com/lyon/lyon-e-bike-tour-with-food-tasting/index.html]
[cdn.biketours.com/assets/comments/1374/1888/ff5bb18e_5182_4977_b400_083eabdaeeb6.jpg]
[www.biketours.com/bilbao/bilbao-central-bike-tour/index.html]
[www.biketours.com/antwerp/highlights-of-antwerp-bike-tour/index.html]
[www.biketours.com/paris/palace-of-versailles-paris-full-day-bike-tour-with-picnic/index.html]
[cdn.biketours.com/assets/comments/1374/1888/ff5bb18e_5182_4977_b400_083eabdaeeb6.160x160.jpg]
[www.biketours.com/ljubljana/ljubljana-bike-tour/index.html]
[www.biketours.com/tallinn/welcome-to-tallinn-bike-tour/index.html]
[www.biketours.com/marseille/marseille-highlights-bike-tour/index.html]
[www.biketours.com/austria/danube-bike-path-5-nights/index.html]
[cdn.biketours.com/assets/comments/1374/1888/23ff8625_414a_41d3_9c3f_c4b02a7dcb0f.jpg]
[www.biketours.com/austria/vienna-budapest-5-nights/index.html]
[www.biketours.com/vienna/classic-vienna-bike-tour/index.html]
[www.biketours.com/vienna/vienna-wine-tasting-e-bike-tour/index.html]
[www.biketours.com/austria/lake-constance-bicycle-path-upscale-lodging/index.html]
[www.biketours.com/belgium/highlights-flanders-belgiums-history-art-nature-cuisine/index.html]
[www.biketours.com/austria/salzburg-vienna-lakes-option/index.html]
[cdn.biketours.com/assets/comments/1374/1888/23ff8625_414a_41d3_9c3f_c4b02a7dcb0f.160x160.jpg]
[www.biketours.com/holland/amsterdam-bruges-cycling-south-holland-zeeland/index.html]
[www.biketours.com/bulgaria/black-sea-danube-river/index.html]
[www.biketours.com/bosnia-and-herzegovina/cycling-west-balkan-triangle/index.html]
[cdn.biketours.com/assets/comments/2376/1887/img20230305124534.jpg]
[www.biketours.com/croatia/dubrovnik-split/index.html]
[www.biketours.com/zagreb/back-to-socialism-bike-tour-zagreb/index.html]
[www.biketours.com/zagreb/made-in-zagreb-bike-tour/index.html]
[cdn.biketours.com/assets/comments/2376/1887/img20230305124534.160x160.jpg]
[www.biketours.com/zagreb/zagreb-bike-and-coffee-tour/index.html]
[www.biketours.com/dubrovnik/dubrovnik-peljesac-bike-tour-with-wine-and-oyster-tasting/index.html]
[cdn.biketours.com/assets/comments/2376/1887/img20230306162752.jpg]
[www.biketours.com/budapest/highlights-of-budapest-bike-tour/index.html]
[www.biketours.com/lisbon/lisbon-7-hills-e-bike-tour/index.html]
[cdn.biketours.com/assets/comments/2376/1887/img20230306162752.160x160.jpg]
[www.biketours.com/dubrovnik/dubrovnik-riviera-road-bike-tour/index.html]
[cdn.biketours.com/assets/comments/2376/1887/img20230306164133.jpg]
[www.biketours.com/porto/day-tours/porto-food-bike-tour-wine-and-gastouronomy/index.html]
[www.biketours.com/zagreb/zagreb-4-kids-family-bike-tour/index.html]
[www.biketours.com/sarajevo/day-tours/sarajevo-city-war-bike-tour/index.html]
[cdn.biketours.com/assets/comments/2376/1887/img20230306164133.160x160.jpg]
[www.biketours.com/lisbon/river-tagus-lisbon-e-bike-tour/index.html]
[www.biketours.com/porto/porto-mountains-mtb-tour/index.html]
[www.biketours.com/sarajevo/day-tours/trebevic-olympic-mountain-bike-tour-sarajevo/index.html]
[www.biketours.com/lisbon/lisbon-at-night-e-bike-tour/index.html]
[cdn.biketours.com/assets/comments/2376/1887/img20230308180023.jpg]
[www.biketours.com/zagreb/highlights-of-zagreb-bike-tour/index.html]
[www.biketours.com/croatia/venice-trieste-istria/index.html]
[www.biketours.com/azores-terceira-island/azores-mount-brazil-e-bike-tour/index.html]
[www.biketours.com/croatia/cycling-istria-wine-roads/index.html]
[cdn.biketours.com/assets/comments/2376/1887/img20230308180023.160x160.jpg]
[www.biketours.com/dubrovnik/road-bike-tour-from-dubrovnik-to-herzegovina-and-back/index.html]
[www.biketours.com/zagreb/zagreb-by-night-bike-tour/index.html]
[www.biketours.com/brussels/bright-brussels-bike-tour/index.html]
[cdn.biketours.com/assets/comments/2425/1886/pxl_20230301_105243626.jpg]
[www.biketours.com/azores-terceira-island/azores-west-side-of-terceira-bike-tour/index.html]
[www.biketours.com/zagreb/all-of-zagreb-bike-tour/index.html]
[www.biketours.com/vilnius/highlights-of-vilnius-bike-tour/index.html]
[cdn.biketours.com/assets/comments/2425/1886/pxl_20230301_105243626.160x160.jpg]
[www.biketours.com/zagreb/art-in-zagreb-bike-tour/index.html]
[www.biketours.com/dubrovnik/dubrovnik-countryside-road-bike-tour/index.html]
[cdn.biketours.com/assets/comments/2425/1886/pxl_20230301_131522722.jpg]
[www.biketours.com/porto/porto-downtown-and-sightseeing-bike-tour/index.html]
[www.biketours.com/zagreb/bike-back-to-yugoslavia-tour-zagreb/index.html]
[www.biketours.com/budapest/budapest-by-night-bike-tour/index.html]
[cdn.biketours.com/assets/comments/2425/1886/pxl_20230301_131522722.160x160.jpg]
[www.biketours.com/vilnius/vilnius-mtb-tour-to-belmontas/index.html]
[www.biketours.com/lisbon/the-essential-lisbon-e-bike-tour/index.html]
[cdn.biketours.com/assets/comments/2425/1886/pxl_20230301_103614996.jpg]
[www.biketours.com/porto/porto-downtown-and-sightseeing-e-bike-tour/index.html]
[www.biketours.com/sarajevo/day-tours/skakavac-waterfall-mtb-tour-sarajevo/index.html]
[www.biketours.com/lisbon/delicious-lisbon-e-bike-tour/index.html]
[cdn.biketours.com/assets/comments/2425/1886/pxl_20230301_103614996.160x160.jpg]
[www.biketours.com/porto/porto-to-povoa-de-varzim-full-day-bike-tour/index.html]
[www.biketours.com/montenegro/highlights-of-the-balkans-gems-of-croatia-montenegro-albania/index.html]
[www.biketours.com/croatia/split-dalmatian-islands/index.html]
[cdn.biketours.com/assets/comments/2425/1886/pxl_20230301_120208721.jpg]
[www.biketours.com/azores-terceira-island/azores-victory-beach-e-bike-tour/index.html]
[www.biketours.com/czech-republic/prague-dresden-guided/index.html]
[www.biketours.com/dubrovnik/dubrovnik-bike-tour-with-wine-tasting/index.html]
[www.biketours.com/czech-republic/bohemian-getaway-villages-river-valleys-karlstejn-castle/index.html]
[cdn.biketours.com/assets/comments/2425/1886/pxl_20230301_120208721.160x160.jpg]
[www.biketours.com/denmark/best-of-northern-zealand/index.html]
[www.biketours.com/denmark/southern-fyn-a-tour-around-denmarks-fairytale-island/index.html]
[www.biketours.com/denmark/royal-zealand-copenhagen-sweden/index.html]
[cdn.biketours.com/assets/comments/2425/1886/pxl_20230301_112604850.jpg]
[www.biketours.com/denmark/berlin-copenhagen/index.html]
[www.biketours.com/denmark/best-of-eastern-zealand/index.html]
[www.biketours.com/london/love-london-bike-tour/index.html]
[cdn.biketours.com/assets/comments/2425/1886/pxl_20230301_112604850.160x160.jpg]
[www.biketours.com/england/oxford-and-royal-palaces-along-the-thames-river/index.html]
[www.biketours.com/liverpool/liverpool-city-center-sightseeing-bike-tour/index.html]
[www.biketours.com/oxford-england/costwolds-e-bike-tour/index.html]
[cdn.biketours.com/assets/comments/2425/1886/pxl_20230301_101749593.jpg]
[www.biketours.com/oxford/oxford-bike-tour/index.html]
[www.biketours.com/london/london-sunset-bike-tour/index.html]
[www.biketours.com/liverpool/the-beatles-liverpool-e-bike-tour/index.html]
[cdn.biketours.com/assets/comments/2425/1886/pxl_20230301_101749593.160x160.jpg]
[www.biketours.com/london/the-gold-classic-london-bike-tour/index.html]
[cdn.biketours.com/assets/comments/2417/1885/img20230119130223.jpg]
[www.biketours.com/london/the-classic-london-bike-tour/index.html]
[www.biketours.com/london/the-original-london-bike-tour/index.html]
[www.biketours.com/estonia/baltic-capitals/index.html]
[cdn.biketours.com/assets/comments/2417/1885/img20230119130223.160x160.jpg]
[www.biketours.com/tallinn/tallinn-bike-tour-with-market-visit-and-food-tasting/index.html]
[www.biketours.com/tallinn/best-of-tallinn-bike-tour/index.html]
[cdn.biketours.com/assets/comments/2417/1885/img_20230119_121948.jpg]
[www.biketours.com/france/along-the-rhone-river-from-geneva-to-lyon/index.html]
[www.biketours.com/tallinn/tallinn-winter-bike-tour-with-coffee-stop/index.html]
[www.biketours.com/france/along-frances-atlantic-coast-la-rochelle-to-bordeaux/index.html]
[cdn.biketours.com/assets/comments/2417/1885/img_20230119_121948.160x160.jpg]
[www.biketours.com/france/alsace-picture-book-alsace/index.html]
[www.biketours.com/france/burgundy-wine-trails/index.html]
[www.biketours.com/france/atlantic-coast-nantes-la-rochelle/index.html]
[cdn.biketours.com/assets/comments/1133/1883/dscn0066.jpg]
[www.biketours.com/france/carcassonne-languedoc-narbonne/index.html]
[www.biketours.com/france/canal-du-midi-carcassonne-to-sete-the-south-of-france-and-the-sea/index.html]
[cdn.biketours.com/assets/comments/1133/1883/dscn0066.160x160.jpg]
[www.biketours.com/france/champagne-getaway/index.html]
[www.biketours.com/france/coastal-normandy/index.html]
[cdn.biketours.com/assets/comments/1133/1883/img_1738.jpg]
[www.biketours.com/france/cycling-paradise-of-provence-to-and-from-avignon/index.html]
[www.biketours.com/france/dordogne-valley-dordogne-lot-rivers/index.html]
[cdn.biketours.com/assets/comments/1133/1883/img_1738.160x160.jpg]
[www.biketours.com/france/france-loire-valley/index.html]
[cdn.biketours.com/assets/comments/1133/1883/img_1746.jpg]
[www.biketours.com/france/france-provence/index.html]
[www.biketours.com/france/french-alpes-tour-alpes-ventoux/index.html]
[www.biketours.com/france/freiburg-alsatian-wine-road/index.html]
[cdn.biketours.com/assets/comments/1133/1883/img_1746.160x160.jpg]
[www.biketours.com/france/garonne-canal-from-bordeaux-to-toulouse-or-reverse/index.html]
[cdn.biketours.com/assets/comments/1133/1883/img_1808.jpg]
[www.biketours.com/france/heidelberg-strasbourg/index.html]
[www.biketours.com/france/loire-a-velo-orleans-lecroisic/index.html]
[cdn.biketours.com/assets/comments/1133/1883/img_1808.160x160.jpg]
[www.biketours.com/marseille/marseille-family-special-e-bike-tour/index.html]
[cdn.biketours.com/assets/comments/1133/1883/img_1805.jpg]
[www.biketours.com/marseille/marseille-seaside-bike-tour/index.html]
[www.biketours.com/marseille/marseille-to-the-calanques-e-bike-tour/index.html]
[cdn.biketours.com/assets/comments/1133/1883/img_1805.160x160.jpg]
[www.biketours.com/france/nature-villages-castles-loire-river-valley/index.html]
[www.biketours.com/france/provence-getaway-the-secrets-of-southern-france-4-nights/index.html]
[cdn.biketours.com/assets/comments/2328/1881/5ec16f97_9cb6_46d9_8c19_0d33cf76cb47_1_105_c.jpg]
[www.biketours.com/france/three-lakes-geneva-annecy/index.html]
[www.biketours.com/france/the-heart-of-provence-quiet-roads-and-picturesque-villages-7-nights/index.html]
[cdn.biketours.com/assets/comments/2328/1881/5ec16f97_9cb6_46d9_8c19_0d33cf76cb47_1_105_c.160x160.jpg]
[www.biketours.com/berlin/alternative-berlin-bike-tour/index.html]
[www.biketours.com/berlin/berlin-highlights-bike-tour/index.html]
[cdn.biketours.com/assets/comments/2328/1881/a8e0a021_030c_4502_a174_e3e9a011412d_1_105_c.jpg]
[www.biketours.com/germany/bavaria-bicycling-best-altmuehl-valley/index.html]
[www.biketours.com/frankfurt/frankfurt-bike-tour-with-apple-wine/index.html]
[www.biketours.com/berlin/berlin-wall-plus-cold-war-bike-tour/index.html]
[cdn.biketours.com/assets/comments/2328/1881/a8e0a021_030c_4502_a174_e3e9a011412d_1_105_c.160x160.jpg]
[www.biketours.com/cologne/fascination-cologne-bike-tour/index.html]
[www.biketours.com/hamburg/hamburg-compact-bike-tour/index.html]
[www.biketours.com/cologne/cologne-riviera-e-bike-tour/index.html]
[cdn.biketours.com/assets/comments/2283/1880/img_20180922_183206.jpg]
[www.biketours.com/germany/mosel-bike-path-upscale/index.html]
[www.biketours.com/munich-germany/munich-bike-tour/index.html]
[www.biketours.com/germany/munich-bavarian-lakes/index.html]
[www.biketours.com/berlin/oases-of-berlin-bike-tour/index.html]
[cdn.biketours.com/assets/comments/2283/1880/img_20180922_183206.160x160.jpg]
[www.biketours.com/germany/rhine-bike-path-mainz-cologne/index.html]
[www.biketours.com/germany/romantic-road-bavarian-lakes/index.html]
[www.biketours.com/germany/romantic-road-wurzburg-donauworth/index.html]
[cdn.biketours.com/assets/comments/2283/1880/img_20180922_183545.jpg]
[www.biketours.com/greece/greece-peloponnese-peninsula/index.html]
[www.biketours.com/berlin/street-art-bike-tour-berlin/index.html]
[www.biketours.com/cologne/street-art-cologne-bike-tour/index.html]
[www.biketours.com/greece/sparta-and-the-mediterranean-coast/index.html]
[www.biketours.com/holland/best-of-holland-family-tour/index.html]
[cdn.biketours.com/assets/comments/2283/1880/img_20180922_183545.160x160.jpg]
[www.biketours.com/reviews/index.html]
[www.biketours.com/holland/medieval-towns-holland-north/index.html]
[www.biketours.com/holland/medieval-towns-holland-south/index.html]
[www.biketours.com/hungary/wine-bike-hungarys-balaton-uplands/index.html]
[www.biketours.com/ireland/connemara-lazy-days-cycling/index.html]
[www.biketours.com/united-states/day-tours/index.html]
[www.biketours.com/ireland/dublin-and-west-ireland-e-bike-tour/index.html]
[www.biketours.com/ireland/highlights-of-highlands/index.html]
[www.biketours.com/amsterdam/city-bike-tour-amsterdam/index.html]
[www.biketours.com/tulip-tours/index.html]
[www.biketours.com/ireland/treasures-of-the-donegal-coast/index.html]
[www.biketours.com/ireland/wild-atlantic-coastal-byways/index.html]
[www.biketours.com/amsterdam/countryside-bike-tour-amsterdam/index.html]
[www.biketours.com/dublin/dublin-city-e-bike-tour/index.html]
[www.biketours.com/italy/apulia-basilicata-matera-lecce/index.html]
[www.biketours.com/staff-picks/index.html]
[www.biketours.com/italy/bicycle-paths-dolomites/index.html]
[www.biketours.com/italy/bolzano-verona/index.html]
[www.biketours.com/top-rated-tours/index.html]
[www.biketours.com/dublin/taste-of-dublin-bike-tour/index.html]
[www.biketours.com/italy/bolzano-verona-venice/index.html]
